// Jest Snapshot v1, https://goo.gl/fbAQLP

exports[`ReferencesExplorerService explore should return User with __resolveReference 1`] = `
Object {
  "User": Object {
    "__resolveReference": [Function],
  },
}
`;
